// Jest Snapshot v1, https://goo.gl/fbAQLP

exports[`NoteTextContent should render correctly 1`] = `
<div>
  hello 
  <a
    class="note-text-content-url"
    href="https://aksa.local"
    rel="noopener noreferrer"
    target="_blank"
    title="https://aksa.local"
  >
    https://aksa.local
  </a>
</div>
`;

